Archive member included to satisfy reference by file (symbol)

/opt/stm32cubeide/plugins/com.st.stm32cube.ide.mcu.externaltools.gnu-tools-for-stm32.7-2018-q2-update.linux64_1.0.0.201904181610/tools/bin/../lib/gcc/arm-none-eabi/7.3.1/../../../../arm-none-eabi/lib/thumb/v7e-m/fpv5/hard/libc_nano.a(lib_a-errno.o)
                              Core/Src/syscalls.o (__errno)
/opt/stm32cubeide/plugins/com.st.stm32cube.ide.mcu.externaltools.gnu-tools-for-stm32.7-2018-q2-update.linux64_1.0.0.201904181610/tools/bin/../lib/gcc/arm-none-eabi/7.3.1/../../../../arm-none-eabi/lib/thumb/v7e-m/fpv5/hard/libc_nano.a(lib_a-exit.o)
                              /opt/stm32cubeide/plugins/com.st.stm32cube.ide.mcu.externaltools.gnu-tools-for-stm32.7-2018-q2-update.linux64_1.0.0.201904181610/tools/bin/../lib/gcc/arm-none-eabi/7.3.1/../../../../arm-none-eabi/lib/thumb/v7e-m/fpv5/hard/crt0.o (exit)
/opt/stm32cubeide/plugins/com.st.stm32cube.ide.mcu.externaltools.gnu-tools-for-stm32.7-2018-q2-update.linux64_1.0.0.201904181610/tools/bin/../lib/gcc/arm-none-eabi/7.3.1/../../../../arm-none-eabi/lib/thumb/v7e-m/fpv5/hard/libc_nano.a(lib_a-impure.o)
                              /opt/stm32cubeide/plugins/com.st.stm32cube.ide.mcu.externaltools.gnu-tools-for-stm32.7-2018-q2-update.linux64_1.0.0.201904181610/tools/bin/../lib/gcc/arm-none-eabi/7.3.1/../../../../arm-none-eabi/lib/thumb/v7e-m/fpv5/hard/libc_nano.a(lib_a-exit.o) (_global_impure_ptr)
/opt/stm32cubeide/plugins/com.st.stm32cube.ide.mcu.externaltools.gnu-tools-for-stm32.7-2018-q2-update.linux64_1.0.0.201904181610/tools/bin/../lib/gcc/arm-none-eabi/7.3.1/../../../../arm-none-eabi/lib/thumb/v7e-m/fpv5/hard/libc_nano.a(lib_a-init.o)
                              /opt/stm32cubeide/plugins/com.st.stm32cube.ide.mcu.externaltools.gnu-tools-for-stm32.7-2018-q2-update.linux64_1.0.0.201904181610/tools/bin/../lib/gcc/arm-none-eabi/7.3.1/../../../../arm-none-eabi/lib/thumb/v7e-m/fpv5/hard/crt0.o (__libc_init_array)
/opt/stm32cubeide/plugins/com.st.stm32cube.ide.mcu.externaltools.gnu-tools-for-stm32.7-2018-q2-update.linux64_1.0.0.201904181610/tools/bin/../lib/gcc/arm-none-eabi/7.3.1/../../../../arm-none-eabi/lib/thumb/v7e-m/fpv5/hard/libc_nano.a(lib_a-memset.o)
                              /opt/stm32cubeide/plugins/com.st.stm32cube.ide.mcu.externaltools.gnu-tools-for-stm32.7-2018-q2-update.linux64_1.0.0.201904181610/tools/bin/../lib/gcc/arm-none-eabi/7.3.1/../../../../arm-none-eabi/lib/thumb/v7e-m/fpv5/hard/crt0.o (memset)

Allocating common symbols
Common symbol       size              file

hi2c4               0x4c              Core/Src/main.o
hspi2               0x88              Core/Src/main.o
hspi5               0x88              Core/Src/main.o
uwTick              0x4               Drivers/STM32H7xx_HAL_Driver/Src/stm32h7xx_hal.o
hspi6               0x88              Core/Src/main.o
pFlash              0x1c              Drivers/STM32H7xx_HAL_Driver/Src/stm32h7xx_hal_flash.o
hspi3               0x88              Core/Src/main.o
hspi4               0x88              Core/Src/main.o
hspi1               0x88              Core/Src/main.o

Discarded input sections

 .text          0x0000000000000000        0x0 /opt/stm32cubeide/plugins/com.st.stm32cube.ide.mcu.externaltools.gnu-tools-for-stm32.7-2018-q2-update.linux64_1.0.0.201904181610/tools/bin/../lib/gcc/arm-none-eabi/7.3.1/thumb/v7e-m/fpv5/hard/crti.o
 .data          0x0000000000000000        0x0 /opt/stm32cubeide/plugins/com.st.stm32cube.ide.mcu.externaltools.gnu-tools-for-stm32.7-2018-q2-update.linux64_1.0.0.201904181610/tools/bin/../lib/gcc/arm-none-eabi/7.3.1/thumb/v7e-m/fpv5/hard/crti.o
 .bss           0x0000000000000000        0x0 /opt/stm32cubeide/plugins/com.st.stm32cube.ide.mcu.externaltools.gnu-tools-for-stm32.7-2018-q2-update.linux64_1.0.0.201904181610/tools/bin/../lib/gcc/arm-none-eabi/7.3.1/thumb/v7e-m/fpv5/hard/crti.o
 .data          0x0000000000000000        0x4 /opt/stm32cubeide/plugins/com.st.stm32cube.ide.mcu.externaltools.gnu-tools-for-stm32.7-2018-q2-update.linux64_1.0.0.201904181610/tools/bin/../lib/gcc/arm-none-eabi/7.3.1/thumb/v7e-m/fpv5/hard/crtbegin.o
 .text          0x0000000000000000       0x74 /opt/stm32cubeide/plugins/com.st.stm32cube.ide.mcu.externaltools.gnu-tools-for-stm32.7-2018-q2-update.linux64_1.0.0.201904181610/tools/bin/../lib/gcc/arm-none-eabi/7.3.1/../../../../arm-none-eabi/lib/thumb/v7e-m/fpv5/hard/crt0.o
 .data          0x0000000000000000        0x0 /opt/stm32cubeide/plugins/com.st.stm32cube.ide.mcu.externaltools.gnu-tools-for-stm32.7-2018-q2-update.linux64_1.0.0.201904181610/tools/bin/../lib/gcc/arm-none-eabi/7.3.1/../../../../arm-none-eabi/lib/thumb/v7e-m/fpv5/hard/crt0.o
 .bss           0x0000000000000000        0x0 /opt/stm32cubeide/plugins/com.st.stm32cube.ide.mcu.externaltools.gnu-tools-for-stm32.7-2018-q2-update.linux64_1.0.0.201904181610/tools/bin/../lib/gcc/arm-none-eabi/7.3.1/../../../../arm-none-eabi/lib/thumb/v7e-m/fpv5/hard/crt0.o
[...]
Memory Configuration

Name             Origin             Length             Attributes
DTCMRAM          0x0000000020000000 0x0000000000020000 xrw
ITCMRAM          0x0000000000000000 0x0000000000010000 xrw
RAM_D1           0x0000000024000000 0x0000000000080000 xrw
RAM_D2           0x0000000030000000 0x0000000000048000 xrw
RAM_D3           0x0000000038000000 0x0000000000010000 xrw
FLASH            0x0000000008000000 0x0000000000200000 xr
*default*        0x0000000000000000 0xffffffffffffffff

Linker script and memory map

LOAD /opt/stm32cubeide/plugins/com.st.stm32cube.ide.mcu.externaltools.gnu-tools-for-stm32.7-2018-q2-update.linux64_1.0.0.201904181610/tools/bin/../lib/gcc/arm-none-eabi/7.3.1/thumb/v7e-m/fpv5/hard/crti.o
LOAD /opt/stm32cubeide/plugins/com.st.stm32cube.ide.mcu.externaltools.gnu-tools-for-stm32.7-2018-q2-update.linux64_1.0.0.201904181610/tools/bin/../lib/gcc/arm-none-eabi/7.3.1/thumb/v7e-m/fpv5/hard/crtbegin.o
LOAD /opt/stm32cubeide/plugins/com.st.stm32cube.ide.mcu.externaltools.gnu-tools-for-stm32.7-2018-q2-update.linux64_1.0.0.201904181610/tools/bin/../lib/gcc/arm-none-eabi/7.3.1/../../../../arm-none-eabi/lib/thumb/v7e-m/fpv5/hard/crt0.o
LOAD Core/Src/main.o
LOAD Core/Src/stm32h7xx_hal_msp.o
LOAD Core/Src/stm32h7xx_it.o
LOAD Core/Src/syscalls.o
LOAD Core/Src/sysmem.o
LOAD Core/Src/system_stm32h7xx.o
LOAD Core/Startup/startup_stm32h743zitx.o
LOAD Drivers/STM32H7xx_HAL_Driver/Src/stm32h7xx_hal.o
LOAD Drivers/STM32H7xx_HAL_Driver/Src/stm32h7xx_hal_cortex.o
LOAD Drivers/STM32H7xx_HAL_Driver/Src/stm32h7xx_hal_dma.o
LOAD Drivers/STM32H7xx_HAL_Driver/Src/stm32h7xx_hal_dma_ex.o
LOAD Drivers/STM32H7xx_HAL_Driver/Src/stm32h7xx_hal_exti.o
LOAD Drivers/STM32H7xx_HAL_Driver/Src/stm32h7xx_hal_flash.o
LOAD Drivers/STM32H7xx_HAL_Driver/Src/stm32h7xx_hal_flash_ex.o
LOAD Drivers/STM32H7xx_HAL_Driver/Src/stm32h7xx_hal_gpio.o
LOAD Drivers/STM32H7xx_HAL_Driver/Src/stm32h7xx_hal_hsem.o
LOAD Drivers/STM32H7xx_HAL_Driver/Src/stm32h7xx_hal_i2c.o
LOAD Drivers/STM32H7xx_HAL_Driver/Src/stm32h7xx_hal_i2c_ex.o
LOAD Drivers/STM32H7xx_HAL_Driver/Src/stm32h7xx_hal_mdma.o
LOAD Drivers/STM32H7xx_HAL_Driver/Src/stm32h7xx_hal_pwr.o
LOAD Drivers/STM32H7xx_HAL_Driver/Src/stm32h7xx_hal_pwr_ex.o
LOAD Drivers/STM32H7xx_HAL_Driver/Src/stm32h7xx_hal_rcc.o
LOAD Drivers/STM32H7xx_HAL_Driver/Src/stm32h7xx_hal_rcc_ex.o
LOAD Drivers/STM32H7xx_HAL_Driver/Src/stm32h7xx_hal_spi.o
LOAD Drivers/STM32H7xx_HAL_Driver/Src/stm32h7xx_hal_spi_ex.o
LOAD Drivers/STM32H7xx_HAL_Driver/Src/stm32h7xx_hal_tim.o
LOAD Drivers/STM32H7xx_HAL_Driver/Src/stm32h7xx_hal_tim_ex.o
START GROUP
LOAD /opt/stm32cubeide/plugins/com.st.stm32cube.ide.mcu.externaltools.gnu-tools-for-stm32.7-2018-q2-update.linux64_1.0.0.201904181610/tools/bin/../lib/gcc/arm-none-eabi/7.3.1/../../../../arm-none-eabi/lib/thumb/v7e-m/fpv5/hard/libc_nano.a
LOAD /opt/stm32cubeide/plugins/com.st.stm32cube.ide.mcu.externaltools.gnu-tools-for-stm32.7-2018-q2-update.linux64_1.0.0.201904181610/tools/bin/../lib/gcc/arm-none-eabi/7.3.1/../../../../arm-none-eabi/lib/thumb/v7e-m/fpv5/hard/libm.a
END GROUP
START GROUP
LOAD /opt/stm32cubeide/plugins/com.st.stm32cube.ide.mcu.externaltools.gnu-tools-for-stm32.7-2018-q2-update.linux64_1.0.0.201904181610/tools/bin/../lib/gcc/arm-none-eabi/7.3.1/thumb/v7e-m/fpv5/hard/libgcc.a
LOAD /opt/stm32cubeide/plugins/com.st.stm32cube.ide.mcu.externaltools.gnu-tools-for-stm32.7-2018-q2-update.linux64_1.0.0.201904181610/tools/bin/../lib/gcc/arm-none-eabi/7.3.1/../../../../arm-none-eabi/lib/thumb/v7e-m/fpv5/hard/libc_nano.a
END GROUP
START GROUP
LOAD /opt/stm32cubeide/plugins/com.st.stm32cube.ide.mcu.externaltools.gnu-tools-for-stm32.7-2018-q2-update.linux64_1.0.0.201904181610/tools/bin/../lib/gcc/arm-none-eabi/7.3.1/thumb/v7e-m/fpv5/hard/libgcc.a
LOAD /opt/stm32cubeide/plugins/com.st.stm32cube.ide.mcu.externaltools.gnu-tools-for-stm32.7-2018-q2-update.linux64_1.0.0.201904181610/tools/bin/../lib/gcc/arm-none-eabi/7.3.1/../../../../arm-none-eabi/lib/thumb/v7e-m/fpv5/hard/libc_nano.a
LOAD /opt/stm32cubeide/plugins/com.st.stm32cube.ide.mcu.externaltools.gnu-tools-for-stm32.7-2018-q2-update.linux64_1.0.0.201904181610/tools/bin/../lib/gcc/arm-none-eabi/7.3.1/../../../../arm-none-eabi/lib/thumb/v7e-m/fpv5/hard/libnosys.a
END GROUP
START GROUP
LOAD /opt/stm32cubeide/plugins/com.st.stm32cube.ide.mcu.externaltools.gnu-tools-for-stm32.7-2018-q2-update.linux64_1.0.0.201904181610/tools/bin/../lib/gcc/arm-none-eabi/7.3.1/thumb/v7e-m/fpv5/hard/libgcc.a
LOAD /opt/stm32cubeide/plugins/com.st.stm32cube.ide.mcu.externaltools.gnu-tools-for-stm32.7-2018-q2-update.linux64_1.0.0.201904181610/tools/bin/../lib/gcc/arm-none-eabi/7.3.1/../../../../arm-none-eabi/lib/thumb/v7e-m/fpv5/hard/libc_nano.a
LOAD /opt/stm32cubeide/plugins/com.st.stm32cube.ide.mcu.externaltools.gnu-tools-for-stm32.7-2018-q2-update.linux64_1.0.0.201904181610/tools/bin/../lib/gcc/arm-none-eabi/7.3.1/../../../../arm-none-eabi/lib/thumb/v7e-m/fpv5/hard/libnosys.a
END GROUP
LOAD /opt/stm32cubeide/plugins/com.st.stm32cube.ide.mcu.externaltools.gnu-tools-for-stm32.7-2018-q2-update.linux64_1.0.0.201904181610/tools/bin/../lib/gcc/arm-none-eabi/7.3.1/thumb/v7e-m/fpv5/hard/crtend.o
LOAD /opt/stm32cubeide/plugins/com.st.stm32cube.ide.mcu.externaltools.gnu-tools-for-stm32.7-2018-q2-update.linux64_1.0.0.201904181610/tools/bin/../lib/gcc/arm-none-eabi/7.3.1/thumb/v7e-m/fpv5/hard/crtn.o
                0x0000000024080000                _estack = (ORIGIN (RAM_D1) + LENGTH (RAM_D1))
                0x0000000000000200                _Min_Heap_Size = 0x200
                0x0000000000000400                _Min_Stack_Size = 0x400

.isr_vector     0x0000000008000000      0x298
                0x0000000008000000                . = ALIGN (0x4)
 *(.isr_vector)
 .isr_vector    0x0000000008000000      0x298 Core/Startup/startup_stm32h743zitx.o
                0x0000000008000000                g_pfnVectors
                0x0000000008000298                . = ALIGN (0x4)

.text           0x0000000008000298     0x3954
                0x0000000008000298                . = ALIGN (0x4)
 *(.text)
 .text          0x0000000008000298       0x40 /opt/stm32cubeide/plugins/com.st.stm32cube.ide.mcu.externaltools.gnu-tools-for-stm32.7-2018-q2-update.linux64_1.0.0.201904181610/tools/bin/../lib/gcc/arm-none-eabi/7.3.1/thumb/v7e-m/fpv5/hard/crtbegin.o
 *(.text*)
 .text.main     0x00000000080002d8       0x2e Core/Src/main.o
                0x00000000080002d8                main
 *fill*         0x0000000008000306        0x2 
 .text.SystemClock_Config
                0x0000000008000308      0x17c Core/Src/main.o
                0x0000000008000308                SystemClock_Config
 .text.MX_I2C4_Init
                0x0000000008000484       0x80 Core/Src/main.o
 .text.MX_SPI1_Init
                0x0000000008000504       0xac Core/Src/main.o
 .text.MX_SPI2_Init
                0x00000000080005b0       0xac Core/Src/main.o
 .text.MX_SPI3_Init
                0x000000000800065c       0xac Core/Src/main.o
 .text.MX_SPI4_Init
                0x0000000008000708       0xa0 Core/Src/main.o
 .text.MX_SPI5_Init
                0x00000000080007a8       0xac Core/Src/main.o
 .text.MX_SPI6_Init
                0x0000000008000854       0xac Core/Src/main.o
 .text.MX_GPIO_Init
                0x0000000008000900      0x308 Core/Src/main.o
 .text.Error_Handler
                0x0000000008000c08        0xe Core/Src/main.o
                0x0000000008000c08                Error_Handler
 *fill*         0x0000000008000c16        0x2 
 .text.HAL_MspInit
                0x0000000008000c18       0x34 Core/Src/stm32h7xx_hal_msp.o
                0x0000000008000c18                HAL_MspInit
 .text.HAL_I2C_MspInit
                0x0000000008000c4c       0x94 Core/Src/stm32h7xx_hal_msp.o
                0x0000000008000c4c                HAL_I2C_MspInit
 .text.HAL_SPI_MspInit
                0x0000000008000ce0      0x34c Core/Src/stm32h7xx_hal_msp.o
                0x0000000008000ce0                HAL_SPI_MspInit
 .text.NMI_Handler
                0x000000000800102c        0xe Core/Src/stm32h7xx_it.o
                0x000000000800102c                NMI_Handler
 .text.HardFault_Handler
                0x000000000800103a        0x6 Core/Src/stm32h7xx_it.o
                0x000000000800103a                HardFault_Handler
 .text.MemManage_Handler
                0x0000000008001040        0x6 Core/Src/stm32h7xx_it.o
                0x0000000008001040                MemManage_Handler
 .text.BusFault_Handler
                0x0000000008001046        0x6 Core/Src/stm32h7xx_it.o
                0x0000000008001046                BusFault_Handler
 .text.UsageFault_Handler
                0x000000000800104c        0x6 Core/Src/stm32h7xx_it.o
                0x000000000800104c                UsageFault_Handler
 .text.SVC_Handler
                0x0000000008001052        0xe Core/Src/stm32h7xx_it.o
                0x0000000008001052                SVC_Handler
 .text.DebugMon_Handler
                0x0000000008001060        0xe Core/Src/stm32h7xx_it.o
                0x0000000008001060                DebugMon_Handler
 .text.PendSV_Handler
                0x000000000800106e        0xe Core/Src/stm32h7xx_it.o
                0x000000000800106e                PendSV_Handler
 .text.SysTick_Handler
                0x000000000800107c        0xc Core/Src/stm32h7xx_it.o
                0x000000000800107c                SysTick_Handler
 .text.SystemInit
                0x0000000008001088       0xc4 Core/Src/system_stm32h7xx.o
                0x0000000008001088                SystemInit
 .text.Reset_Handler
                0x000000000800114c       0x50 Core/Startup/startup_stm32h743zitx.o
                0x000000000800114c                Reset_Handler
 .text.Default_Handler
                0x000000000800119c        0x2 Core/Startup/startup_stm32h743zitx.o
                0x000000000800119c                RTC_Alarm_IRQHandler
                0x000000000800119c                EXTI2_IRQHandler
                0x000000000800119c                TIM8_CC_IRQHandler
                0x000000000800119c                HRTIM1_Master_IRQHandler
                0x000000000800119c                UART8_IRQHandler
                0x000000000800119c                SPI4_IRQHandler
                0x000000000800119c                TIM1_CC_IRQHandler
                0x000000000800119c                BDMA_Channel6_IRQHandler
                0x000000000800119c                DMA2_Stream5_IRQHandler
                0x000000000800119c                HRTIM1_FLT_IRQHandler
                0x000000000800119c                JPEG_IRQHandler
                0x000000000800119c                DMA1_Stream5_IRQHandler
                0x000000000800119c                BDMA_Channel1_IRQHandler
                0x000000000800119c                HRTIM1_TIMD_IRQHandler
                0x000000000800119c                TAMP_STAMP_IRQHandler
                0x000000000800119c                EXTI3_IRQHandler
                0x000000000800119c                LPTIM4_IRQHandler
                0x000000000800119c                TIM8_TRG_COM_TIM14_IRQHandler
                0x000000000800119c                LPTIM2_IRQHandler
                0x000000000800119c                DFSDM1_FLT1_IRQHandler
                0x000000000800119c                DMAMUX2_OVR_IRQHandler
                0x000000000800119c                TIM8_UP_TIM13_IRQHandler
                0x000000000800119c                I2C3_ER_IRQHandler
                0x000000000800119c                DFSDM1_FLT2_IRQHandler
                0x000000000800119c                MDMA_IRQHandler
                0x000000000800119c                LPTIM3_IRQHandler
                0x000000000800119c                HSEM1_IRQHandler
                0x000000000800119c                EXTI0_IRQHandler
                0x000000000800119c                I2C2_EV_IRQHandler
                0x000000000800119c                DMA1_Stream2_IRQHandler
                0x000000000800119c                FPU_IRQHandler
                0x000000000800119c                OTG_HS_WKUP_IRQHandler
                0x000000000800119c                FDCAN1_IT1_IRQHandler
                0x000000000800119c                LTDC_ER_IRQHandler
                0x000000000800119c                DMA2_Stream2_IRQHandler
                0x000000000800119c                HRTIM1_TIME_IRQHandler
                0x000000000800119c                SPI1_IRQHandler
                0x000000000800119c                TIM6_DAC_IRQHandler
                0x000000000800119c                DCMI_IRQHandler
                0x000000000800119c                HRTIM1_TIMC_IRQHandler
                0x000000000800119c                DMA2_Stream3_IRQHandler
                0x000000000800119c                SAI2_IRQHandler
                0x000000000800119c                DFSDM1_FLT3_IRQHandler
                0x000000000800119c                USART6_IRQHandler
                0x000000000800119c                TIM17_IRQHandler
                0x000000000800119c                USART3_IRQHandler
                0x000000000800119c                BDMA_Channel7_IRQHandler
                0x000000000800119c                LPTIM5_IRQHandler
                0x000000000800119c                UART5_IRQHandler
                0x000000000800119c                ADC3_IRQHandler
                0x000000000800119c                DMA2_Stream0_IRQHandler
                0x000000000800119c                TIM4_IRQHandler
                0x000000000800119c                BDMA_Channel2_IRQHandler
                0x000000000800119c                QUADSPI_IRQHandler
                0x000000000800119c                I2C1_EV_IRQHandler
                0x000000000800119c                DMA1_Stream6_IRQHandler
                0x000000000800119c                DMAMUX1_OVR_IRQHandler
                0x000000000800119c                DMA1_Stream1_IRQHandler
                0x000000000800119c                TIM16_IRQHandler
                0x000000000800119c                UART4_IRQHandler
                0x000000000800119c                BDMA_Channel5_IRQHandler
                0x000000000800119c                TIM3_IRQHandler
                0x000000000800119c                RCC_IRQHandler
                0x000000000800119c                TIM8_BRK_TIM12_IRQHandler
                0x000000000800119c                TIM1_TRG_COM_IRQHandler
                0x000000000800119c                Default_Handler
                0x000000000800119c                ECC_IRQHandler
                0x000000000800119c                CEC_IRQHandler
                0x000000000800119c                EXTI15_10_IRQHandler
                0x000000000800119c                BDMA_Channel0_IRQHandler
                0x000000000800119c                ADC_IRQHandler
                0x000000000800119c                DMA1_Stream7_IRQHandler
                0x000000000800119c                HRTIM1_TIMA_IRQHandler
                0x000000000800119c                SPI5_IRQHandler
                0x000000000800119c                TIM7_IRQHandler
                0x000000000800119c                SDMMC1_IRQHandler
                0x000000000800119c                TIM5_IRQHandler
                0x000000000800119c                DMA2_Stream7_IRQHandler
                0x000000000800119c                TIM15_IRQHandler
                0x000000000800119c                PVD_AVD_IRQHandler
                0x000000000800119c                I2C3_EV_IRQHandler
                0x000000000800119c                EXTI9_5_IRQHandler
                0x000000000800119c                RTC_WKUP_IRQHandler
                0x000000000800119c                LTDC_IRQHandler
                0x000000000800119c                SAI3_IRQHandler
                0x000000000800119c                ETH_WKUP_IRQHandler
                0x000000000800119c                SPDIF_RX_IRQHandler
                0x000000000800119c                SPI2_IRQHandler
                0x000000000800119c                OTG_HS_EP1_IN_IRQHandler
                0x000000000800119c                DMA1_Stream0_IRQHandler
                0x000000000800119c                CRS_IRQHandler
                0x000000000800119c                EXTI4_IRQHandler
                0x000000000800119c                RNG_IRQHandler
                0x000000000800119c                HRTIM1_TIMB_IRQHandler
                0x000000000800119c                FDCAN2_IT1_IRQHandler
                0x000000000800119c                ETH_IRQHandler
                0x000000000800119c                TIM1_UP_IRQHandler
                0x000000000800119c                BDMA_Channel4_IRQHandler
                0x000000000800119c                OTG_HS_EP1_OUT_IRQHandler
                0x000000000800119c                WWDG_IRQHandler
                0x000000000800119c                SPI6_IRQHandler
                0x000000000800119c                MDIOS_IRQHandler
                0x000000000800119c                I2C4_EV_IRQHandler
                0x000000000800119c                FDCAN2_IT0_IRQHandler
                0x000000000800119c                LPUART1_IRQHandler
                0x000000000800119c                FDCAN1_IT0_IRQHandler
                0x000000000800119c                TIM2_IRQHandler
                0x000000000800119c                OTG_FS_WKUP_IRQHandler
                0x000000000800119c                OTG_HS_IRQHandler
                0x000000000800119c                DMA2D_IRQHandler
                0x000000000800119c                TIM1_BRK_IRQHandler
                0x000000000800119c                EXTI1_IRQHandler
                0x000000000800119c                SDMMC2_IRQHandler
                0x000000000800119c                OTG_FS_EP1_OUT_IRQHandler
                0x000000000800119c                BDMA_Channel3_IRQHandler
                0x000000000800119c                UART7_IRQHandler
                0x000000000800119c                MDIOS_WKUP_IRQHandler
                0x000000000800119c                USART2_IRQHandler
                0x000000000800119c                DFSDM1_FLT0_IRQHandler
                0x000000000800119c                SAI4_IRQHandler
                0x000000000800119c                I2C2_ER_IRQHandler
                0x000000000800119c                DMA2_Stream1_IRQHandler
                0x000000000800119c                FLASH_IRQHandler
                0x000000000800119c                DMA2_Stream4_IRQHandler
                0x000000000800119c                USART1_IRQHandler
                0x000000000800119c                OTG_FS_IRQHandler
                0x000000000800119c                SPI3_IRQHandler
                0x000000000800119c                WAKEUP_PIN_IRQHandler
                0x000000000800119c                DMA1_Stream4_IRQHandler
                0x000000000800119c                OTG_FS_EP1_IN_IRQHandler
                0x000000000800119c                I2C1_ER_IRQHandler
                0x000000000800119c                FMC_IRQHandler
                0x000000000800119c                FDCAN_CAL_IRQHandler
                0x000000000800119c                SWPMI1_IRQHandler
                0x000000000800119c                COMP1_IRQHandler
                0x000000000800119c                LPTIM1_IRQHandler
                0x000000000800119c                I2C4_ER_IRQHandler
                0x000000000800119c                DMA2_Stream6_IRQHandler
                0x000000000800119c                SAI1_IRQHandler
                0x000000000800119c                DMA1_Stream3_IRQHandler
 *fill*         0x000000000800119e        0x2 
 .text.HAL_Init
                0x00000000080011a0       0x70 Drivers/STM32H7xx_HAL_Driver/Src/stm32h7xx_hal.o
                0x00000000080011a0                HAL_Init
 .text.HAL_InitTick
                0x0000000008001210       0x6c Drivers/STM32H7xx_HAL_Driver/Src/stm32h7xx_hal.o
                0x0000000008001210                HAL_InitTick
 .text.HAL_IncTick
                0x000000000800127c       0x28 Drivers/STM32H7xx_HAL_Driver/Src/stm32h7xx_hal.o
                0x000000000800127c                HAL_IncTick
 .text.HAL_GetTick
                0x00000000080012a4       0x18 Drivers/STM32H7xx_HAL_Driver/Src/stm32h7xx_hal.o
                0x00000000080012a4                HAL_GetTick
 .text.HAL_GetREVID
                0x00000000080012bc       0x18 Drivers/STM32H7xx_HAL_Driver/Src/stm32h7xx_hal.o
                0x00000000080012bc                HAL_GetREVID
 .text.__NVIC_SetPriorityGrouping
                0x00000000080012d4       0x48 Drivers/STM32H7xx_HAL_Driver/Src/stm32h7xx_hal_cortex.o
 .text.__NVIC_GetPriorityGrouping
                0x000000000800131c       0x1c Drivers/STM32H7xx_HAL_Driver/Src/stm32h7xx_hal_cortex.o
 .text.__NVIC_SetPriority
                0x0000000008001338       0x54 Drivers/STM32H7xx_HAL_Driver/Src/stm32h7xx_hal_cortex.o
 .text.NVIC_EncodePriority
                0x000000000800138c       0x66 Drivers/STM32H7xx_HAL_Driver/Src/stm32h7xx_hal_cortex.o
 *fill*         0x00000000080013f2        0x2 
 .text.SysTick_Config
                0x00000000080013f4       0x44 Drivers/STM32H7xx_HAL_Driver/Src/stm32h7xx_hal_cortex.o
 .text.HAL_NVIC_SetPriorityGrouping
                0x0000000008001438       0x16 Drivers/STM32H7xx_HAL_Driver/Src/stm32h7xx_hal_cortex.o
                0x0000000008001438                HAL_NVIC_SetPriorityGrouping
 .text.HAL_NVIC_SetPriority
                0x000000000800144e       0x34 Drivers/STM32H7xx_HAL_Driver/Src/stm32h7xx_hal_cortex.o
                0x000000000800144e                HAL_NVIC_SetPriority
 .text.HAL_SYSTICK_Config
                0x0000000008001482       0x18 Drivers/STM32H7xx_HAL_Driver/Src/stm32h7xx_hal_cortex.o
                0x0000000008001482                HAL_SYSTICK_Config
 *fill*         0x000000000800149a        0x2 
 .text.HAL_GPIO_Init
                0x000000000800149c      0x360 Drivers/STM32H7xx_HAL_Driver/Src/stm32h7xx_hal_gpio.o
                0x000000000800149c                HAL_GPIO_Init
 .text.HAL_GPIO_WritePin
                0x00000000080017fc       0x32 Drivers/STM32H7xx_HAL_Driver/Src/stm32h7xx_hal_gpio.o
                0x00000000080017fc                HAL_GPIO_WritePin
 *fill*         0x000000000800182e        0x2 
 .text.HAL_I2C_Init
                0x0000000008001830      0x120 Drivers/STM32H7xx_HAL_Driver/Src/stm32h7xx_hal_i2c.o
                0x0000000008001830                HAL_I2C_Init
 .text.HAL_I2CEx_ConfigAnalogFilter
                0x0000000008001950       0x96 Drivers/STM32H7xx_HAL_Driver/Src/stm32h7xx_hal_i2c_ex.o
                0x0000000008001950                HAL_I2CEx_ConfigAnalogFilter
 .text.HAL_I2CEx_ConfigDigitalFilter
                0x00000000080019e6       0x98 Drivers/STM32H7xx_HAL_Driver/Src/stm32h7xx_hal_i2c_ex.o
                0x00000000080019e6                HAL_I2CEx_ConfigDigitalFilter
 *fill*         0x0000000008001a7e        0x2 
 .text.HAL_PWREx_ConfigSupply
                0x0000000008001a80       0x74 Drivers/STM32H7xx_HAL_Driver/Src/stm32h7xx_hal_pwr_ex.o
                0x0000000008001a80                HAL_PWREx_ConfigSupply
 .text.HAL_RCC_OscConfig
                0x0000000008001af4      0x7b0 Drivers/STM32H7xx_HAL_Driver/Src/stm32h7xx_hal_rcc.o
                0x0000000008001af4                HAL_RCC_OscConfig
 .text.HAL_RCC_ClockConfig
                0x00000000080022a4      0x348 Drivers/STM32H7xx_HAL_Driver/Src/stm32h7xx_hal_rcc.o
                0x00000000080022a4                HAL_RCC_ClockConfig
 .text.HAL_RCC_GetSysClockFreq
                0x00000000080025ec      0x2e4 Drivers/STM32H7xx_HAL_Driver/Src/stm32h7xx_hal_rcc.o
                0x00000000080025ec                HAL_RCC_GetSysClockFreq
 .text.HAL_RCCEx_PeriphCLKConfig
                0x00000000080028d0      0xdbc Drivers/STM32H7xx_HAL_Driver/Src/stm32h7xx_hal_rcc_ex.o
                0x00000000080028d0                HAL_RCCEx_PeriphCLKConfig
 .text.RCCEx_PLL2_Config
                0x000000000800368c      0x164 Drivers/STM32H7xx_HAL_Driver/Src/stm32h7xx_hal_rcc_ex.o
 .text.RCCEx_PLL3_Config
                0x00000000080037f0      0x164 Drivers/STM32H7xx_HAL_Driver/Src/stm32h7xx_hal_rcc_ex.o
 .text.HAL_SPI_Init
                0x0000000008003954      0x1f0 Drivers/STM32H7xx_HAL_Driver/Src/stm32h7xx_hal_spi.o
                0x0000000008003954                HAL_SPI_Init
 .text.SPI_GetPacketSize
                0x0000000008003b44       0x36 Drivers/STM32H7xx_HAL_Driver/Src/stm32h7xx_hal_spi.o
 *fill*         0x0000000008003b7a        0x2 
 .text.__libc_init_array
                0x0000000008003b7c       0x48 /opt/stm32cubeide/plugins/com.st.stm32cube.ide.mcu.externaltools.gnu-tools-for-stm32.7-2018-q2-update.linux64_1.0.0.201904181610/tools/bin/../lib/gcc/arm-none-eabi/7.3.1/../../../../arm-none-eabi/lib/thumb/v7e-m/fpv5/hard/libc_nano.a(lib_a-init.o)
                0x0000000008003b7c                __libc_init_array
 .text.memset   0x0000000008003bc4       0x10 /opt/stm32cubeide/plugins/com.st.stm32cube.ide.mcu.externaltools.gnu-tools-for-stm32.7-2018-q2-update.linux64_1.0.0.201904181610/tools/bin/../lib/gcc/arm-none-eabi/7.3.1/../../../../arm-none-eabi/lib/thumb/v7e-m/fpv5/hard/libc_nano.a(lib_a-memset.o)
                0x0000000008003bc4                memset
 *(.glue_7)
 .glue_7        0x0000000008003bd4        0x0 linker stubs
 *(.glue_7t)
 .glue_7t       0x0000000008003bd4        0x0 linker stubs
 *(.eh_frame)
 .eh_frame      0x0000000008003bd4        0x0 /opt/stm32cubeide/plugins/com.st.stm32cube.ide.mcu.externaltools.gnu-tools-for-stm32.7-2018-q2-update.linux64_1.0.0.201904181610/tools/bin/../lib/gcc/arm-none-eabi/7.3.1/thumb/v7e-m/fpv5/hard/crtbegin.o
 *(.init)
 .init          0x0000000008003bd4        0x4 /opt/stm32cubeide/plugins/com.st.stm32cube.ide.mcu.externaltools.gnu-tools-for-stm32.7-2018-q2-update.linux64_1.0.0.201904181610/tools/bin/../lib/gcc/arm-none-eabi/7.3.1/thumb/v7e-m/fpv5/hard/crti.o
                0x0000000008003bd4                _init
 .init          0x0000000008003bd8        0x8 /opt/stm32cubeide/plugins/com.st.stm32cube.ide.mcu.externaltools.gnu-tools-for-stm32.7-2018-q2-update.linux64_1.0.0.201904181610/tools/bin/../lib/gcc/arm-none-eabi/7.3.1/thumb/v7e-m/fpv5/hard/crtn.o
 *(.fini)
 .fini          0x0000000008003be0        0x4 /opt/stm32cubeide/plugins/com.st.stm32cube.ide.mcu.externaltools.gnu-tools-for-stm32.7-2018-q2-update.linux64_1.0.0.201904181610/tools/bin/../lib/gcc/arm-none-eabi/7.3.1/thumb/v7e-m/fpv5/hard/crti.o
                0x0000000008003be0                _fini
 .fini          0x0000000008003be4        0x8 /opt/stm32cubeide/plugins/com.st.stm32cube.ide.mcu.externaltools.gnu-tools-for-stm32.7-2018-q2-update.linux64_1.0.0.201904181610/tools/bin/../lib/gcc/arm-none-eabi/7.3.1/thumb/v7e-m/fpv5/hard/crtn.o
                0x0000000008003bec                . = ALIGN (0x4)
                0x0000000008003bec                _etext = .

.vfp11_veneer   0x0000000008003bec        0x0
 .vfp11_veneer  0x0000000008003bec        0x0 linker stubs

.v4_bx          0x0000000008003bec        0x0
 .v4_bx         0x0000000008003bec        0x0 linker stubs

.iplt           0x0000000008003bec        0x0
 .iplt          0x0000000008003bec        0x0 /opt/stm32cubeide/plugins/com.st.stm32cube.ide.mcu.externaltools.gnu-tools-for-stm32.7-2018-q2-update.linux64_1.0.0.201904181610/tools/bin/../lib/gcc/arm-none-eabi/7.3.1/thumb/v7e-m/fpv5/hard/crtbegin.o

.rodata         0x0000000008003bec       0x10
                0x0000000008003bec                . = ALIGN (0x4)
 *(.rodata)
 *(.rodata*)
 .rodata.D1CorePrescTable
                0x0000000008003bec       0x10 Core/Src/system_stm32h7xx.o
                0x0000000008003bec                D1CorePrescTable
                0x0000000008003bfc                . = ALIGN (0x4)

.rel.dyn        0x0000000008003bfc        0x0
 .rel.iplt      0x0000000008003bfc        0x0 /opt/stm32cubeide/plugins/com.st.stm32cube.ide.mcu.externaltools.gnu-tools-for-stm32.7-2018-q2-update.linux64_1.0.0.201904181610/tools/bin/../lib/gcc/arm-none-eabi/7.3.1/thumb/v7e-m/fpv5/hard/crtbegin.o

.ARM.extab      0x0000000008003bfc        0x0
                0x0000000008003bfc                . = ALIGN (0x4)
 *(.ARM.extab* .gnu.linkonce.armextab.*)
                0x0000000008003bfc                . = ALIGN (0x4)

.ARM            0x0000000008003bfc        0x0
                0x0000000008003bfc                . = ALIGN (0x4)
                0x0000000008003bfc                __exidx_start = .
 *(.ARM.exidx*)
                0x0000000008003bfc                __exidx_end = .
                0x0000000008003bfc                . = ALIGN (0x4)

.preinit_array  0x0000000008003bfc        0x0
                0x0000000008003bfc                . = ALIGN (0x4)
                0x0000000008003bfc                PROVIDE (__preinit_array_start = .)
 *(.preinit_array*)
                0x0000000008003bfc                PROVIDE (__preinit_array_end = .)
                0x0000000008003bfc                . = ALIGN (0x4)

.init_array     0x0000000008003bfc        0x4
                0x0000000008003bfc                . = ALIGN (0x4)
                0x0000000008003bfc                PROVIDE (__init_array_start = .)
 *(SORT_BY_NAME(.init_array.*))
 *(.init_array*)
 .init_array    0x0000000008003bfc        0x4 /opt/stm32cubeide/plugins/com.st.stm32cube.ide.mcu.externaltools.gnu-tools-for-stm32.7-2018-q2-update.linux64_1.0.0.201904181610/tools/bin/../lib/gcc/arm-none-eabi/7.3.1/thumb/v7e-m/fpv5/hard/crtbegin.o
                0x0000000008003c00                PROVIDE (__init_array_end = .)
                0x0000000008003c00                . = ALIGN (0x4)

.fini_array     0x0000000008003c00        0x4
                0x0000000008003c00                . = ALIGN (0x4)
                [!provide]                        PROVIDE (__fini_array_start = .)
 *(SORT_BY_NAME(.fini_array.*))
 *(.fini_array*)
 .fini_array    0x0000000008003c00        0x4 /opt/stm32cubeide/plugins/com.st.stm32cube.ide.mcu.externaltools.gnu-tools-for-stm32.7-2018-q2-update.linux64_1.0.0.201904181610/tools/bin/../lib/gcc/arm-none-eabi/7.3.1/thumb/v7e-m/fpv5/hard/crtbegin.o
                [!provide]                        PROVIDE (__fini_array_end = .)
                0x0000000008003c04                . = ALIGN (0x4)
                0x0000000008003c04                _sidata = LOADADDR (.data)

.data           0x0000000024000000       0x10 load address 0x0000000008003c04
                0x0000000024000000                . = ALIGN (0x4)
                0x0000000024000000                _sdata = .
 *(.data)
 *(.data*)
 .data.SystemCoreClock
                0x0000000024000000        0x4 Core/Src/system_stm32h7xx.o
                0x0000000024000000                SystemCoreClock
 .data.SystemD2Clock
                0x0000000024000004        0x4 Core/Src/system_stm32h7xx.o
                0x0000000024000004                SystemD2Clock
 .data.uwTickPrio
                0x0000000024000008        0x4 Drivers/STM32H7xx_HAL_Driver/Src/stm32h7xx_hal.o
                0x0000000024000008                uwTickPrio
 .data.uwTickFreq
                0x000000002400000c        0x1 Drivers/STM32H7xx_HAL_Driver/Src/stm32h7xx_hal.o
                0x000000002400000c                uwTickFreq
                0x0000000024000010                . = ALIGN (0x4)
 *fill*         0x000000002400000d        0x3 
                0x0000000024000010                _edata = .

.igot.plt       0x0000000024000010        0x0 load address 0x0000000008003c14
 .igot.plt      0x0000000024000010        0x0 /opt/stm32cubeide/plugins/com.st.stm32cube.ide.mcu.externaltools.gnu-tools-for-stm32.7-2018-q2-update.linux64_1.0.0.201904181610/tools/bin/../lib/gcc/arm-none-eabi/7.3.1/thumb/v7e-m/fpv5/hard/crtbegin.o
                0x0000000024000010                . = ALIGN (0x4)

.bss            0x0000000024000010      0x39c load address 0x0000000008003c14
                0x0000000024000010                _sbss = .
                0x0000000024000010                __bss_start__ = _sbss
 *(.bss)
 .bss           0x0000000024000010       0x1c /opt/stm32cubeide/plugins/com.st.stm32cube.ide.mcu.externaltools.gnu-tools-for-stm32.7-2018-q2-update.linux64_1.0.0.201904181610/tools/bin/../lib/gcc/arm-none-eabi/7.3.1/thumb/v7e-m/fpv5/hard/crtbegin.o
 *(.bss*)
 *(COMMON)
 COMMON         0x000000002400002c      0x37c Core/Src/main.o
                0x000000002400002c                hi2c4
                0x0000000024000078                hspi2
                0x0000000024000100                hspi5
                0x0000000024000188                hspi6
                0x0000000024000210                hspi3
                0x0000000024000298                hspi4
                0x0000000024000320                hspi1
 COMMON         0x00000000240003a8        0x4 Drivers/STM32H7xx_HAL_Driver/Src/stm32h7xx_hal.o
                0x00000000240003a8                uwTick
                0x00000000240003ac                . = ALIGN (0x4)
                0x00000000240003ac                _ebss = .
                0x00000000240003ac                __bss_end__ = _ebss

._user_heap_stack
                0x00000000240003ac      0x604 load address 0x0000000008003c14
                0x00000000240003b0                . = ALIGN (0x8)
 *fill*         0x00000000240003ac        0x4 
                0x00000000240003b0                PROVIDE (end = .)
                [!provide]                        PROVIDE (_end = .)
                0x00000000240005b0                . = (. + _Min_Heap_Size)
 *fill*         0x00000000240003b0      0x200 
                0x00000000240009b0                . = (. + _Min_Stack_Size)
 *fill*         0x00000000240005b0      0x400 
                0x00000000240009b0                . = ALIGN (0x8)

/DISCARD/
 libc.a(*)
 libm.a(*)
 libgcc.a(*)

.ARM.attributes
                0x0000000000000000       0x2e
 *(.ARM.attributes)
 .ARM.attributes
                0x0000000000000000       0x20 /opt/stm32cubeide/plugins/com.st.stm32cube.ide.mcu.externaltools.gnu-tools-for-stm32.7-2018-q2-update.linux64_1.0.0.201904181610/tools/bin/../lib/gcc/arm-none-eabi/7.3.1/thumb/v7e-m/fpv5/hard/crti.o
 .ARM.attributes
                0x0000000000000020       0x32 /opt/stm32cubeide/plugins/com.st.stm32cube.ide.mcu.externaltools.gnu-tools-for-stm32.7-2018-q2-update.linux64_1.0.0.201904181610/tools/bin/../lib/gcc/arm-none-eabi/7.3.1/thumb/v7e-m/fpv5/hard/crtbegin.o
 .ARM.attributes
                0x0000000000000052       0x37 Core/Src/main.o
 .ARM.attributes
                0x0000000000000089       0x37 Core/Src/stm32h7xx_hal_msp.o
 .ARM.attributes
                0x00000000000000c0       0x37 Core/Src/stm32h7xx_it.o
 .ARM.attributes
                0x00000000000000f7       0x37 Core/Src/system_stm32h7xx.o
 .ARM.attributes
                0x000000000000012e       0x21 Core/Startup/startup_stm32h743zitx.o
 .ARM.attributes
                0x000000000000014f       0x37 Drivers/STM32H7xx_HAL_Driver/Src/stm32h7xx_hal.o
 .ARM.attributes
                0x0000000000000186       0x37 Drivers/STM32H7xx_HAL_Driver/Src/stm32h7xx_hal_cortex.o
 .ARM.attributes
                0x00000000000001bd       0x37 Drivers/STM32H7xx_HAL_Driver/Src/stm32h7xx_hal_gpio.o
 .ARM.attributes
                0x00000000000001f4       0x37 Drivers/STM32H7xx_HAL_Driver/Src/stm32h7xx_hal_i2c.o
 .ARM.attributes
                0x000000000000022b       0x37 Drivers/STM32H7xx_HAL_Driver/Src/stm32h7xx_hal_i2c_ex.o
 .ARM.attributes
                0x0000000000000262       0x37 Drivers/STM32H7xx_HAL_Driver/Src/stm32h7xx_hal_pwr_ex.o
 .ARM.attributes
                0x0000000000000299       0x37 Drivers/STM32H7xx_HAL_Driver/Src/stm32h7xx_hal_rcc.o
 .ARM.attributes
                0x00000000000002d0       0x37 Drivers/STM32H7xx_HAL_Driver/Src/stm32h7xx_hal_rcc_ex.o
 .ARM.attributes
                0x0000000000000307       0x37 Drivers/STM32H7xx_HAL_Driver/Src/stm32h7xx_hal_spi.o
 .ARM.attributes
                0x000000000000033e       0x32 /opt/stm32cubeide/plugins/com.st.stm32cube.ide.mcu.externaltools.gnu-tools-for-stm32.7-2018-q2-update.linux64_1.0.0.201904181610/tools/bin/../lib/gcc/arm-none-eabi/7.3.1/../../../../arm-none-eabi/lib/thumb/v7e-m/fpv5/hard/libc_nano.a(lib_a-init.o)
 .ARM.attributes
                0x0000000000000370       0x32 /opt/stm32cubeide/plugins/com.st.stm32cube.ide.mcu.externaltools.gnu-tools-for-stm32.7-2018-q2-update.linux64_1.0.0.201904181610/tools/bin/../lib/gcc/arm-none-eabi/7.3.1/../../../../arm-none-eabi/lib/thumb/v7e-m/fpv5/hard/libc_nano.a(lib_a-memset.o)
 .ARM.attributes
                0x00000000000003a2       0x20 /opt/stm32cubeide/plugins/com.st.stm32cube.ide.mcu.externaltools.gnu-tools-for-stm32.7-2018-q2-update.linux64_1.0.0.201904181610/tools/bin/../lib/gcc/arm-none-eabi/7.3.1/thumb/v7e-m/fpv5/hard/crtn.o
OUTPUT(MCU2.elf elf32-littlearm)

.debug_info     0x0000000000000000    0x1519c
 .debug_info    0x0000000000000000     0x2175 Core/Src/main.o
 .debug_info    0x0000000000002175     0x1adb Core/Src/stm32h7xx_hal_msp.o
 .debug_info    0x0000000000003c50      0xb36 Core/Src/stm32h7xx_it.o
 .debug_info    0x0000000000004786     0x1322 Core/Src/system_stm32h7xx.o
 .debug_info    0x0000000000005aa8       0x22 Core/Startup/startup_stm32h743zitx.o
 .debug_info    0x0000000000005aca     0x1def Drivers/STM32H7xx_HAL_Driver/Src/stm32h7xx_hal.o
 .debug_info    0x00000000000078b9     0x1a74 Drivers/STM32H7xx_HAL_Driver/Src/stm32h7xx_hal_cortex.o
 .debug_info    0x000000000000932d     0x1640 Drivers/STM32H7xx_HAL_Driver/Src/stm32h7xx_hal_gpio.o
 .debug_info    0x000000000000a96d     0x2a0f Drivers/STM32H7xx_HAL_Driver/Src/stm32h7xx_hal_i2c.o
 .debug_info    0x000000000000d37c     0x1714 Drivers/STM32H7xx_HAL_Driver/Src/stm32h7xx_hal_i2c_ex.o
 .debug_info    0x000000000000ea90     0x1915 Drivers/STM32H7xx_HAL_Driver/Src/stm32h7xx_hal_pwr_ex.o
 .debug_info    0x00000000000103a5     0x177e Drivers/STM32H7xx_HAL_Driver/Src/stm32h7xx_hal_rcc.o
 .debug_info    0x0000000000011b23     0x18d9 Drivers/STM32H7xx_HAL_Driver/Src/stm32h7xx_hal_rcc_ex.o
 .debug_info    0x00000000000133fc     0x1da0 Drivers/STM32H7xx_HAL_Driver/Src/stm32h7xx_hal_spi.o

.debug_abbrev   0x0000000000000000     0x22b8
 .debug_abbrev  0x0000000000000000      0x2a4 Core/Src/main.o
 .debug_abbrev  0x00000000000002a4      0x25e Core/Src/stm32h7xx_hal_msp.o
 .debug_abbrev  0x0000000000000502      0x1c9 Core/Src/stm32h7xx_it.o
 .debug_abbrev  0x00000000000006cb      0x21f Core/Src/system_stm32h7xx.o
 .debug_abbrev  0x00000000000008ea       0x12 Core/Startup/startup_stm32h743zitx.o
 .debug_abbrev  0x00000000000008fc      0x2db Drivers/STM32H7xx_HAL_Driver/Src/stm32h7xx_hal.o
 .debug_abbrev  0x0000000000000bd7      0x3b5 Drivers/STM32H7xx_HAL_Driver/Src/stm32h7xx_hal_cortex.o
 .debug_abbrev  0x0000000000000f8c      0x28f Drivers/STM32H7xx_HAL_Driver/Src/stm32h7xx_hal_gpio.o
 .debug_abbrev  0x000000000000121b      0x2ac Drivers/STM32H7xx_HAL_Driver/Src/stm32h7xx_hal_i2c.o
 .debug_abbrev  0x00000000000014c7      0x266 Drivers/STM32H7xx_HAL_Driver/Src/stm32h7xx_hal_i2c_ex.o
 .debug_abbrev  0x000000000000172d      0x311 Drivers/STM32H7xx_HAL_Driver/Src/stm32h7xx_hal_pwr_ex.o
 .debug_abbrev  0x0000000000001a3e      0x2e2 Drivers/STM32H7xx_HAL_Driver/Src/stm32h7xx_hal_rcc.o
 .debug_abbrev  0x0000000000001d20      0x2c3 Drivers/STM32H7xx_HAL_Driver/Src/stm32h7xx_hal_rcc_ex.o
 .debug_abbrev  0x0000000000001fe3      0x2d5 Drivers/STM32H7xx_HAL_Driver/Src/stm32h7xx_hal_spi.o

.debug_aranges  0x0000000000000000      0xbc0
 .debug_aranges
                0x0000000000000000       0x70 Core/Src/main.o
 .debug_aranges
                0x0000000000000070       0x40 Core/Src/stm32h7xx_hal_msp.o
 .debug_aranges
                0x00000000000000b0       0x60 Core/Src/stm32h7xx_it.o
 .debug_aranges
                0x0000000000000110       0x28 Core/Src/system_stm32h7xx.o
 .debug_aranges
                0x0000000000000138       0x28 Core/Startup/startup_stm32h743zitx.o
 .debug_aranges
                0x0000000000000160      0x1b8 Drivers/STM32H7xx_HAL_Driver/Src/stm32h7xx_hal.o
 .debug_aranges
                0x0000000000000318      0x120 Drivers/STM32H7xx_HAL_Driver/Src/stm32h7xx_hal_cortex.o
 .debug_aranges
                0x0000000000000438       0x58 Drivers/STM32H7xx_HAL_Driver/Src/stm32h7xx_hal_gpio.o
 .debug_aranges
                0x0000000000000490      0x288 Drivers/STM32H7xx_HAL_Driver/Src/stm32h7xx_hal_i2c.o
 .debug_aranges
                0x0000000000000718       0x48 Drivers/STM32H7xx_HAL_Driver/Src/stm32h7xx_hal_i2c_ex.o
 .debug_aranges
                0x0000000000000760      0x158 Drivers/STM32H7xx_HAL_Driver/Src/stm32h7xx_hal_pwr_ex.o
 .debug_aranges
                0x00000000000008b8       0x88 Drivers/STM32H7xx_HAL_Driver/Src/stm32h7xx_hal_rcc.o
 .debug_aranges
                0x0000000000000940       0xe0 Drivers/STM32H7xx_HAL_Driver/Src/stm32h7xx_hal_rcc_ex.o
 .debug_aranges
                0x0000000000000a20      0x1a0 Drivers/STM32H7xx_HAL_Driver/Src/stm32h7xx_hal_spi.o

.debug_ranges   0x0000000000000000      0xae8
 .debug_ranges  0x0000000000000000       0x60 Core/Src/main.o
 .debug_ranges  0x0000000000000060       0x30 Core/Src/stm32h7xx_hal_msp.o
 .debug_ranges  0x0000000000000090       0x50 Core/Src/stm32h7xx_it.o
 .debug_ranges  0x00000000000000e0       0x18 Core/Src/system_stm32h7xx.o
 .debug_ranges  0x00000000000000f8       0x20 Core/Startup/startup_stm32h743zitx.o
 .debug_ranges  0x0000000000000118      0x1a8 Drivers/STM32H7xx_HAL_Driver/Src/stm32h7xx_hal.o
 .debug_ranges  0x00000000000002c0      0x110 Drivers/STM32H7xx_HAL_Driver/Src/stm32h7xx_hal_cortex.o
 .debug_ranges  0x00000000000003d0       0x48 Drivers/STM32H7xx_HAL_Driver/Src/stm32h7xx_hal_gpio.o
 .debug_ranges  0x0000000000000418      0x278 Drivers/STM32H7xx_HAL_Driver/Src/stm32h7xx_hal_i2c.o
 .debug_ranges  0x0000000000000690       0x38 Drivers/STM32H7xx_HAL_Driver/Src/stm32h7xx_hal_i2c_ex.o
 .debug_ranges  0x00000000000006c8      0x148 Drivers/STM32H7xx_HAL_Driver/Src/stm32h7xx_hal_pwr_ex.o
 .debug_ranges  0x0000000000000810       0x78 Drivers/STM32H7xx_HAL_Driver/Src/stm32h7xx_hal_rcc.o
 .debug_ranges  0x0000000000000888       0xd0 Drivers/STM32H7xx_HAL_Driver/Src/stm32h7xx_hal_rcc_ex.o
 .debug_ranges  0x0000000000000958      0x190 Drivers/STM32H7xx_HAL_Driver/Src/stm32h7xx_hal_spi.o

.debug_macro    0x0000000000000000    0x34fbd
 .debug_macro   0x0000000000000000      0x29b Core/Src/main.o
 .debug_macro   0x000000000000029b      0xa66 Core/Src/main.o
 .debug_macro   0x0000000000000d01      0x215 Core/Src/main.o
 .debug_macro   0x0000000000000f16       0x2e Core/Src/main.o
 .debug_macro   0x0000000000000f44       0x3b Core/Src/main.o
 .debug_macro   0x0000000000000f7f       0x22 Core/Src/main.o
 .debug_macro   0x0000000000000fa1       0x8e Core/Src/main.o
 .debug_macro   0x000000000000102f       0x51 Core/Src/main.o
 .debug_macro   0x0000000000001080       0xef Core/Src/main.o
 .debug_macro   0x000000000000116f       0x6a Core/Src/main.o
 .debug_macro   0x00000000000011d9      0x1df Core/Src/main.o
 .debug_macro   0x00000000000013b8       0x1c Core/Src/main.o
 .debug_macro   0x00000000000013d4       0x22 Core/Src/main.o
 .debug_macro   0x00000000000013f6       0xdf Core/Src/main.o
 .debug_macro   0x00000000000014d5     0x12cd Core/Src/main.o
 .debug_macro   0x00000000000027a2      0x11f Core/Src/main.o
 .debug_macro   0x00000000000028c1       0x19 Core/Src/main.o
 .debug_macro   0x00000000000028da    0x25403 Core/Src/main.o
 .debug_macro   0x0000000000027cdd       0x43 Core/Src/main.o
 .debug_macro   0x0000000000027d20     0x3ccc Core/Src/main.o
 .debug_macro   0x000000000002b9ec      0x174 Core/Src/main.o
 .debug_macro   0x000000000002bb60       0x46 Core/Src/main.o
 .debug_macro   0x000000000002bba6       0x17 Core/Src/main.o
 .debug_macro   0x000000000002bbbd       0x3c Core/Src/main.o
 .debug_macro   0x000000000002bbf9       0x34 Core/Src/main.o
 .debug_macro   0x000000000002bc2d       0x52 Core/Src/main.o
 .debug_macro   0x000000000002bc7f       0x1f Core/Src/main.o
 .debug_macro   0x000000000002bc9e       0x43 Core/Src/main.o
 .debug_macro   0x000000000002bce1       0x20 Core/Src/main.o
 .debug_macro   0x000000000002bd01      0x1a3 Core/Src/main.o
 .debug_macro   0x000000000002bea4      0x32a Core/Src/main.o
 .debug_macro   0x000000000002c1ce      0x1e1 Core/Src/main.o
 .debug_macro   0x000000000002c3af       0x54 Core/Src/main.o
 .debug_macro   0x000000000002c403     0x240e Core/Src/main.o
 .debug_macro   0x000000000002e811      0xf84 Core/Src/main.o
 .debug_macro   0x000000000002f795      0x138 Core/Src/main.o
 .debug_macro   0x000000000002f8cd      0x117 Core/Src/main.o
 .debug_macro   0x000000000002f9e4      0x39b Core/Src/main.o
 .debug_macro   0x000000000002fd7f       0x27 Core/Src/main.o
 .debug_macro   0x000000000002fda6      0x72d Core/Src/main.o
 .debug_macro   0x00000000000304d3      0x229 Core/Src/main.o
 .debug_macro   0x00000000000306fc       0x66 Core/Src/main.o
 .debug_macro   0x0000000000030762      0x3ad Core/Src/main.o
 .debug_macro   0x0000000000030b0f      0x3e5 Core/Src/main.o
 .debug_macro   0x0000000000030ef4      0x275 Core/Src/main.o
 .debug_macro   0x0000000000031169      0x3cb Core/Src/main.o
 .debug_macro   0x0000000000031534      0x40f Core/Src/main.o
 .debug_macro   0x0000000000031943       0x51 Core/Src/main.o
 .debug_macro   0x0000000000031994       0x4a Core/Src/main.o
 .debug_macro   0x00000000000319de      0x22c Core/Src/main.o
 .debug_macro   0x0000000000031c0a       0x58 Core/Src/main.o
 .debug_macro   0x0000000000031c62       0xa5 Core/Src/main.o
 .debug_macro   0x0000000000031d07      0x1c5 Core/Src/main.o
 .debug_macro   0x0000000000031ecc      0x259 Core/Src/main.o
 .debug_macro   0x0000000000032125       0x35 Core/Src/main.o
 .debug_macro   0x000000000003215a      0x5dd Core/Src/main.o
 .debug_macro   0x0000000000032737       0x9e Core/Src/main.o
 .debug_macro   0x00000000000327d5      0x58b Core/Src/main.o
 .debug_macro   0x0000000000032d60      0x1f1 Core/Src/main.o
 .debug_macro   0x0000000000032f51      0x29b Core/Src/stm32h7xx_hal_msp.o
 .debug_macro   0x00000000000331ec      0x2a5 Core/Src/stm32h7xx_it.o
 .debug_macro   0x0000000000033491      0x292 Core/Src/system_stm32h7xx.o
 .debug_macro   0x0000000000033723      0x2b6 Drivers/STM32H7xx_HAL_Driver/Src/stm32h7xx_hal.o
 .debug_macro   0x00000000000339d9      0x28c Drivers/STM32H7xx_HAL_Driver/Src/stm32h7xx_hal_cortex.o
 .debug_macro   0x0000000000033c65      0x2c8 Drivers/STM32H7xx_HAL_Driver/Src/stm32h7xx_hal_gpio.o
 .debug_macro   0x0000000000033f2d      0x351 Drivers/STM32H7xx_HAL_Driver/Src/stm32h7xx_hal_i2c.o
 .debug_macro   0x000000000003427e      0x28c Drivers/STM32H7xx_HAL_Driver/Src/stm32h7xx_hal_i2c_ex.o
 .debug_macro   0x000000000003450a      0x2c5 Drivers/STM32H7xx_HAL_Driver/Src/stm32h7xx_hal_pwr_ex.o
 .debug_macro   0x00000000000347cf      0x2b0 Drivers/STM32H7xx_HAL_Driver/Src/stm32h7xx_hal_rcc.o
 .debug_macro   0x0000000000034a7f      0x2aa Drivers/STM32H7xx_HAL_Driver/Src/stm32h7xx_hal_rcc_ex.o
 .debug_macro   0x0000000000034d29      0x294 Drivers/STM32H7xx_HAL_Driver/Src/stm32h7xx_hal_spi.o

.debug_line     0x0000000000000000     0xa0fa
 .debug_line    0x0000000000000000      0x991 Core/Src/main.o
 .debug_line    0x0000000000000991      0x8a2 Core/Src/stm32h7xx_hal_msp.o
 .debug_line    0x0000000000001233      0x85f Core/Src/stm32h7xx_it.o
 .debug_line    0x0000000000001a92      0x7fb Core/Src/system_stm32h7xx.o
 .debug_line    0x000000000000228d       0x85 Core/Startup/startup_stm32h743zitx.o
 .debug_line    0x0000000000002312      0xbba Drivers/STM32H7xx_HAL_Driver/Src/stm32h7xx_hal.o
 .debug_line    0x0000000000002ecc      0xaf7 Drivers/STM32H7xx_HAL_Driver/Src/stm32h7xx_hal_cortex.o
 .debug_line    0x00000000000039c3      0x9b2 Drivers/STM32H7xx_HAL_Driver/Src/stm32h7xx_hal_gpio.o
 .debug_line    0x0000000000004375     0x1dc5 Drivers/STM32H7xx_HAL_Driver/Src/stm32h7xx_hal_i2c.o
 .debug_line    0x000000000000613a      0x8ff Drivers/STM32H7xx_HAL_Driver/Src/stm32h7xx_hal_i2c_ex.o
 .debug_line    0x0000000000006a39      0xb8f Drivers/STM32H7xx_HAL_Driver/Src/stm32h7xx_hal_pwr_ex.o
 .debug_line    0x00000000000075c8      0xb5f Drivers/STM32H7xx_HAL_Driver/Src/stm32h7xx_hal_rcc.o
 .debug_line    0x0000000000008127      0xdb5 Drivers/STM32H7xx_HAL_Driver/Src/stm32h7xx_hal_rcc_ex.o
 .debug_line    0x0000000000008edc     0x121e Drivers/STM32H7xx_HAL_Driver/Src/stm32h7xx_hal_spi.o

.debug_str      0x0000000000000000   0x1514d1
 .debug_str     0x0000000000000000   0x14d98b Core/Src/main.o
                                     0x14df81 (size before relaxing)
 .debug_str     0x000000000014d98b       0x7a Core/Src/stm32h7xx_hal_msp.o
                                     0x14d9be (size before relaxing)
 .debug_str     0x000000000014da05       0xbd Core/Src/stm32h7xx_it.o
                                     0x14cf05 (size before relaxing)
 .debug_str     0x000000000014dac2      0x1e7 Core/Src/system_stm32h7xx.o
                                     0x14ca6e (size before relaxing)
 .debug_str     0x000000000014dca9       0x36 Core/Startup/startup_stm32h743zitx.o
                                         0x67 (size before relaxing)
 .debug_str     0x000000000014dcdf      0xf8a Drivers/STM32H7xx_HAL_Driver/Src/stm32h7xx_hal.o
                                     0x14da3c (size before relaxing)
 .debug_str     0x000000000014ec69      0x3a8 Drivers/STM32H7xx_HAL_Driver/Src/stm32h7xx_hal_cortex.o
                                     0x14d4db (size before relaxing)
 .debug_str     0x000000000014f011      0x204 Drivers/STM32H7xx_HAL_Driver/Src/stm32h7xx_hal_gpio.o
                                     0x14cc73 (size before relaxing)
 .debug_str     0x000000000014f215      0xd45 Drivers/STM32H7xx_HAL_Driver/Src/stm32h7xx_hal_i2c.o
                                     0x14daba (size before relaxing)
 .debug_str     0x000000000014ff5a       0xb8 Drivers/STM32H7xx_HAL_Driver/Src/stm32h7xx_hal_i2c_ex.o
                                     0x14cfae (size before relaxing)
 .debug_str     0x0000000000150012      0x638 Drivers/STM32H7xx_HAL_Driver/Src/stm32h7xx_hal_pwr_ex.o
                                     0x14d027 (size before relaxing)
 .debug_str     0x000000000015064a      0x38c Drivers/STM32H7xx_HAL_Driver/Src/stm32h7xx_hal_rcc.o
                                     0x14ceee (size before relaxing)
 .debug_str     0x00000000001509d6      0x603 Drivers/STM32H7xx_HAL_Driver/Src/stm32h7xx_hal_rcc_ex.o
                                     0x14d2a7 (size before relaxing)
 .debug_str     0x0000000000150fd9      0x4f8 Drivers/STM32H7xx_HAL_Driver/Src/stm32h7xx_hal_spi.o
                                     0x14d1bd (size before relaxing)

.comment        0x0000000000000000       0x7b
 .comment       0x0000000000000000       0x7b Core/Src/main.o
                                         0x7c (size before relaxing)
 .comment       0x000000000000007b       0x7c Core/Src/stm32h7xx_hal_msp.o
 .comment       0x000000000000007b       0x7c Core/Src/stm32h7xx_it.o
 .comment       0x000000000000007b       0x7c Core/Src/system_stm32h7xx.o
 .comment       0x000000000000007b       0x7c Drivers/STM32H7xx_HAL_Driver/Src/stm32h7xx_hal.o
 .comment       0x000000000000007b       0x7c Drivers/STM32H7xx_HAL_Driver/Src/stm32h7xx_hal_cortex.o
 .comment       0x000000000000007b       0x7c Drivers/STM32H7xx_HAL_Driver/Src/stm32h7xx_hal_gpio.o
 .comment       0x000000000000007b       0x7c Drivers/STM32H7xx_HAL_Driver/Src/stm32h7xx_hal_i2c.o
 .comment       0x000000000000007b       0x7c Drivers/STM32H7xx_HAL_Driver/Src/stm32h7xx_hal_i2c_ex.o
 .comment       0x000000000000007b       0x7c Drivers/STM32H7xx_HAL_Driver/Src/stm32h7xx_hal_pwr_ex.o
 .comment       0x000000000000007b       0x7c Drivers/STM32H7xx_HAL_Driver/Src/stm32h7xx_hal_rcc.o
 .comment       0x000000000000007b       0x7c Drivers/STM32H7xx_HAL_Driver/Src/stm32h7xx_hal_rcc_ex.o
 .comment       0x000000000000007b       0x7c Drivers/STM32H7xx_HAL_Driver/Src/stm32h7xx_hal_spi.o

.debug_frame    0x0000000000000000     0x3028
 .debug_frame   0x0000000000000000      0x160 Core/Src/main.o
 .debug_frame   0x0000000000000160       0xcc Core/Src/stm32h7xx_hal_msp.o
 .debug_frame   0x000000000000022c      0x10c Core/Src/stm32h7xx_it.o
 .debug_frame   0x0000000000000338       0x58 Core/Src/system_stm32h7xx.o
 .debug_frame   0x0000000000000390      0x708 Drivers/STM32H7xx_HAL_Driver/Src/stm32h7xx_hal.o
 .debug_frame   0x0000000000000a98      0x4b8 Drivers/STM32H7xx_HAL_Driver/Src/stm32h7xx_hal_cortex.o
 .debug_frame   0x0000000000000f50      0x14c Drivers/STM32H7xx_HAL_Driver/Src/stm32h7xx_hal_gpio.o
 .debug_frame   0x000000000000109c      0xbc8 Drivers/STM32H7xx_HAL_Driver/Src/stm32h7xx_hal_i2c.o
 .debug_frame   0x0000000000001c64      0x100 Drivers/STM32H7xx_HAL_Driver/Src/stm32h7xx_hal_i2c_ex.o
 .debug_frame   0x0000000000001d64      0x580 Drivers/STM32H7xx_HAL_Driver/Src/stm32h7xx_hal_pwr_ex.o
 .debug_frame   0x00000000000022e4      0x1f0 Drivers/STM32H7xx_HAL_Driver/Src/stm32h7xx_hal_rcc.o
 .debug_frame   0x00000000000024d4      0x390 Drivers/STM32H7xx_HAL_Driver/Src/stm32h7xx_hal_rcc_ex.o
 .debug_frame   0x0000000000002864      0x778 Drivers/STM32H7xx_HAL_Driver/Src/stm32h7xx_hal_spi.o
 .debug_frame   0x0000000000002fdc       0x2c /opt/stm32cubeide/plugins/com.st.stm32cube.ide.mcu.externaltools.gnu-tools-for-stm32.7-2018-q2-update.linux64_1.0.0.201904181610/tools/bin/../lib/gcc/arm-none-eabi/7.3.1/../../../../arm-none-eabi/lib/thumb/v7e-m/fpv5/hard/libc_nano.a(lib_a-init.o)
 .debug_frame   0x0000000000003008       0x20 /opt/stm32cubeide/plugins/com.st.stm32cube.ide.mcu.externaltools.gnu-tools-for-stm32.7-2018-q2-update.linux64_1.0.0.201904181610/tools/bin/../lib/gcc/arm-none-eabi/7.3.1/../../../../arm-none-eabi/lib/thumb/v7e-m/fpv5/hard/libc_nano.a(lib_a-memset.o)
